src/app/(main)/(articles)/article/[slug]/(articledashboard)/settings/page.tsx(25,27): error TS18047: 'searchParams' is possibly 'null'.
